// Jest Snapshot v1, https://goo.gl/fbAQLP

exports[`Google API module should parse data for the Google data array 1`] = `
Array [
  Object {
    "data": Array [
      Object {
        "__row__": 2,
        "apiId": "1",
        "birthYear": "19BBY",
        "eyeColor": "blue",
        "films": Array [
          "newhope",
        ],
        "gender": "male",
        "hairColor": "blond",
        "height": 172,
        "homeworld": "tatooine",
        "id": "lukeskywalker",
        "isSomething": true,
        "mass": 77,
        "name": "Luke Skywalker",
        "skinColor": "fair",
        "species": undefined,
        "vehicles": Array [
          "123",
        ],
      },
      Object {
        "__row__": 3,
        "apiId": "2",
        "birthYear": "112BBY",
        "eyeColor": "yellow",
        "films": Array [
          "newhope",
        ],
        "gender": "n/a",
        "hairColor": "n/a",
        "height": 167,
        "homeworld": "tatooine",
        "id": "c3po",
        "isSomething": false,
        "mass": 75,
        "name": "C-3PO",
        "skinColor": "gold",
        "species": undefined,
        "vehicles": Array [
          "123",
        ],
      },
    ],
    "headers": Array [
      Object {
        "column": "A",
        "graphType": "ID",
        "name": "id",
        "required": true,
      },
      Object {
        "column": "B",
        "graphType": "String",
        "name": "apiId",
        "required": false,
        "specData": undefined,
        "specType": "hidden",
      },
      Object {
        "column": "C",
        "graphType": "Boolean",
        "name": "isSomething",
        "required": false,
        "specData": Array [
          "bool",
        ],
        "specType": "type",
      },
      Object {
        "column": "D",
        "graphType": "String",
        "name": "name",
        "required": false,
        "specData": Array [
          "This is some description for testing",
        ],
        "specType": "description",
      },
      Object {
        "column": "E",
        "graphType": "Int",
        "name": "height",
        "required": false,
        "specData": Array [
          "int",
        ],
        "specType": "type",
      },
      Object {
        "column": "F",
        "graphType": "Int",
        "name": "mass",
        "required": false,
        "specData": Array [
          "int",
        ],
        "specType": "type",
      },
      Object {
        "column": "G",
        "graphType": "String",
        "name": "hairColor",
        "required": false,
      },
      Object {
        "column": "H",
        "graphType": "String",
        "name": "skinColor",
        "required": false,
      },
      Object {
        "column": "I",
        "graphType": "String",
        "name": "eyeColor",
        "required": false,
      },
      Object {
        "column": "J",
        "graphType": "String",
        "name": "birthYear",
        "required": false,
      },
      Object {
        "column": "K",
        "graphType": "String",
        "name": "gender",
        "required": false,
      },
      Object {
        "column": "L",
        "graphType": "String",
        "name": "homeworld",
        "required": false,
        "specData": Array [
          "planets",
          "single",
        ],
        "specType": "link",
      },
      Object {
        "column": "M",
        "graphType": "String",
        "name": "films",
        "required": false,
        "specData": Array [
          "films",
        ],
        "specType": "link",
      },
      Object {
        "column": "N",
        "graphType": "String",
        "name": "species",
        "required": false,
        "specData": Array [
          "species",
          "single",
        ],
        "specType": "link",
      },
      Object {
        "column": "O",
        "graphType": "String",
        "name": "vehicles",
        "required": false,
        "specData": undefined,
        "specType": "link",
      },
      Object {
        "column": "P",
        "graphType": "String",
        "name": "starships",
        "required": false,
        "specData": undefined,
        "specType": "link",
      },
      Object {
        "column": "Q",
        "graphType": "String",
        "name": "few",
        "required": false,
      },
      Object {
        "column": "R",
        "graphType": "String",
        "name": "more",
        "required": false,
      },
      Object {
        "column": "S",
        "graphType": "String",
        "name": "to",
        "required": false,
      },
      Object {
        "column": "T",
        "graphType": "String",
        "name": "go",
        "required": false,
      },
      Object {
        "column": "U",
        "graphType": "String",
        "name": "over",
        "required": false,
      },
      Object {
        "column": "V",
        "graphType": "String",
        "name": "the",
        "required": false,
      },
      Object {
        "column": "W",
        "graphType": "String",
        "name": "alphabet",
        "required": false,
      },
      Object {
        "column": "X",
        "graphType": "String",
        "name": "aaa",
        "required": false,
      },
      Object {
        "column": "Y",
        "graphType": "String",
        "name": "vvv",
        "required": false,
      },
      Object {
        "column": "Z",
        "graphType": "String",
        "name": "few",
        "required": false,
      },
      Object {
        "column": "AA",
        "graphType": "String",
        "name": "more",
        "required": false,
      },
      Object {
        "column": "AB",
        "graphType": "String",
        "name": "to",
        "required": false,
      },
      Object {
        "column": "AC",
        "graphType": "String",
        "name": "go",
        "required": false,
      },
      Object {
        "column": "AD",
        "graphType": "String",
        "name": "over",
        "required": false,
      },
      Object {
        "column": "AE",
        "graphType": "String",
        "name": "the",
        "required": false,
      },
      Object {
        "column": "AF",
        "graphType": "String",
        "name": "alphabet",
        "required": false,
      },
      Object {
        "column": "AG",
        "graphType": "String",
        "name": "aaa",
        "required": false,
      },
      Object {
        "column": "AH",
        "graphType": "String",
        "name": "vvv",
        "required": false,
      },
    ],
    "name": "people",
    "schemaQueries": "allPeople: [People]!
  people(id: String!): People!",
    "schemaType": "type People {
    id: ID! 
 apiId: String 
 isSomething: Boolean 
 name: String 
 height: Int 
 mass: Int 
 hairColor: String 
 skinColor: String 
 eyeColor: String 
 birthYear: String 
 gender: String 
 homeworld: Planets 
 films: [Films] 
 species: Species 
 vehicles: [Vehicles] 
 starships: [Starships] 
 few: String 
 more: String 
 to: String 
 go: String 
 over: String 
 the: String 
 alphabet: String 
 aaa: String 
 vvv: String 
 few: String 
 more: String 
 to: String 
 go: String 
 over: String 
 the: String 
 alphabet: String 
 aaa: String 
 vvv: String
  }",
  },
  Object {
    "data": Array [
      Object {
        "__row__": 2,
        "_id": "tatooine",
        "climate": "arid",
        "diameter": "10465",
        "films": Array [
          "newhope",
        ],
        "gravity": "1 standard",
        "name": "Tatooine",
        "orbitalPeriod": "304",
        "population": "200000",
        "residents": Array [
          "lukeskywalker",
          "c3po",
        ],
        "rorationPeriod": "23",
        "surfaceWater": "1",
        "terrain": "desert",
      },
    ],
    "headers": Array [
      Object {
        "column": "A",
        "graphType": "String",
        "name": "_id",
        "required": false,
      },
      Object {
        "column": "B",
        "graphType": "String",
        "name": "name",
        "required": false,
      },
      Object {
        "column": "C",
        "graphType": "String",
        "name": "rorationPeriod",
        "required": false,
      },
      Object {
        "column": "D",
        "graphType": "String",
        "name": "orbitalPeriod",
        "required": false,
      },
      Object {
        "column": "E",
        "graphType": "String",
        "name": "diameter",
        "required": false,
      },
      Object {
        "column": "F",
        "graphType": "String",
        "name": "climate",
        "required": false,
      },
      Object {
        "column": "G",
        "graphType": "String",
        "name": "gravity",
        "required": false,
      },
      Object {
        "column": "H",
        "graphType": "String",
        "name": "terrain",
        "required": false,
      },
      Object {
        "column": "I",
        "graphType": "String",
        "name": "surfaceWater",
        "required": false,
      },
      Object {
        "column": "J",
        "graphType": "String",
        "name": "population",
        "required": false,
      },
      Object {
        "column": "K",
        "graphType": "String",
        "name": "residents",
        "required": false,
        "specData": Array [
          "people",
        ],
        "specType": "link",
      },
      Object {
        "column": "L",
        "graphType": "String",
        "name": "films",
        "required": false,
        "specData": undefined,
        "specType": "link",
      },
    ],
    "name": "planets",
    "schemaQueries": "allPlanets: [Planets]!
  planets(id: String!): Planets!",
    "schemaType": "type Planets {
    _id: String 
 name: String 
 rorationPeriod: String 
 orbitalPeriod: String 
 diameter: String 
 climate: String 
 gravity: String 
 terrain: String 
 surfaceWater: String 
 population: String 
 residents: [People] 
 films: [Films]
  }",
  },
]
`;
